tsaf_start=2026-07-21T10:17:06+08:00
commit=6cef063ecfa4cc12aaa3eb0e5e1bbbfcca42092b
output_root=/home/yingch/exp_outputs/r-2026-fatst/stage_c_siff_v3_tsaf_v1
config_hash=32ec229c66c5683a48793b5bbde3c4f6e99790e4f6e05e4076ec6284c351e748
profile_hash=80912741f9da5560234c400a36e2ec48461cef70bf96701b19fcb90ea278990a
gpu_ids=0 1 2
new_training_runs=25
reused_reference_runs=20
effective_runs=45
checkpoint_selection=best_val_mean_mse_h96_h192_h336_h720
formal_test_execution_mode=0
test_informed=true
0, NVIDIA GeForce RTX 3090, 24576, 18, 24107, 0
1, NVIDIA GeForce RTX 3090, 24576, 18, 24107, 0
2, NVIDIA GeForce RTX 3090, 24576, 18, 24107, 0
worker_start=2026-07-21T10:17:06+08:00 worker=0 gpu=0 pid=1705061
worker_start=2026-07-21T10:17:06+08:00 worker=1 gpu=1 pid=1705065
train_start=2026-07-21T10:17:06+08:00 job=1/25 arm=tsaf dataset=Weather gpu=0 profile=r2b_p12_d64_ff128_medium rank=256
worker_start=2026-07-21T10:17:06+08:00 worker=2 gpu=2 pid=1705070
train_start=2026-07-21T10:17:06+08:00 job=2/25 arm=siff_categorical_target_only dataset=Weather gpu=1 profile=r2b_p12_d64_ff128_medium rank=256
train_start=2026-07-21T10:17:06+08:00 job=3/25 arm=tsaf_permuted_scale dataset=Weather gpu=2 profile=r2b_p12_d64_ff128_medium rank=256
run_done=2026-07-21T10:39:37+08:00 job=1/25 arm=tsaf dataset=Weather gpu=0
train_start=2026-07-21T10:39:37+08:00 job=4/25 arm=tsaf_no_target_global dataset=Weather gpu=0 profile=r2b_p12_d64_ff128_medium rank=256
run_done=2026-07-21T10:39:45+08:00 job=3/25 arm=tsaf_permuted_scale dataset=Weather gpu=2
train_start=2026-07-21T10:39:45+08:00 job=6/25 arm=tsaf dataset=ETTm1 gpu=2 profile=r2b_p24_d32_ff64_narrow rank=256
run_done=2026-07-21T10:41:13+08:00 job=2/25 arm=siff_categorical_target_only dataset=Weather gpu=1
train_start=2026-07-21T10:41:13+08:00 job=5/25 arm=siff_independent_target_only dataset=Weather gpu=1 profile=r2b_p12_d64_ff128_medium rank=115
run_done=2026-07-21T10:50:17+08:00 job=6/25 arm=tsaf dataset=ETTm1 gpu=2
train_start=2026-07-21T10:50:17+08:00 job=9/25 arm=tsaf_no_target_global dataset=ETTm1 gpu=2 profile=r2b_p24_d32_ff64_narrow rank=256
run_done=2026-07-21T10:54:33+08:00 job=5/25 arm=siff_independent_target_only dataset=Weather gpu=1
train_start=2026-07-21T10:54:33+08:00 job=8/25 arm=tsaf_permuted_scale dataset=ETTm1 gpu=1 profile=r2b_p24_d32_ff64_narrow rank=256
run_done=2026-07-21T11:00:36+08:00 job=9/25 arm=tsaf_no_target_global dataset=ETTm1 gpu=2
train_start=2026-07-21T11:00:36+08:00 job=12/25 arm=siff_categorical_target_only dataset=ETTh1 gpu=2 profile=r2b_p24_d64_ff128_medium rank=256
run_done=2026-07-21T11:02:16+08:00 job=4/25 arm=tsaf_no_target_global dataset=Weather gpu=0
train_start=2026-07-21T11:02:16+08:00 job=7/25 arm=siff_categorical_target_only dataset=ETTm1 gpu=0 profile=r2b_p24_d32_ff64_narrow rank=256
run_done=2026-07-21T11:02:18+08:00 job=12/25 arm=siff_categorical_target_only dataset=ETTh1 gpu=2
train_start=2026-07-21T11:02:18+08:00 job=15/25 arm=siff_independent_target_only dataset=ETTh1 gpu=2 profile=r2b_p24_d64_ff128_medium rank=109
run_done=2026-07-21T11:03:55+08:00 job=15/25 arm=siff_independent_target_only dataset=ETTh1 gpu=2
train_start=2026-07-21T11:03:55+08:00 job=18/25 arm=tsaf_permuted_scale dataset=ETTh2 gpu=2 profile=r2b_p12_d64_ff128_medium rank=256
run_done=2026-07-21T11:04:56+08:00 job=8/25 arm=tsaf_permuted_scale dataset=ETTm1 gpu=1
train_start=2026-07-21T11:04:56+08:00 job=11/25 arm=tsaf dataset=ETTh1 gpu=1 profile=r2b_p24_d64_ff128_medium rank=256
run_done=2026-07-21T11:05:24+08:00 job=18/25 arm=tsaf_permuted_scale dataset=ETTh2 gpu=2
train_start=2026-07-21T11:05:24+08:00 job=21/25 arm=tsaf dataset=ETTm2 gpu=2 profile=r2b_p48_d64_ff128_medium rank=256
run_done=2026-07-21T11:06:28+08:00 job=11/25 arm=tsaf dataset=ETTh1 gpu=1
train_start=2026-07-21T11:06:28+08:00 job=14/25 arm=tsaf_no_target_global dataset=ETTh1 gpu=1 profile=r2b_p24_d64_ff128_medium rank=256
run_done=2026-07-21T11:07:59+08:00 job=14/25 arm=tsaf_no_target_global dataset=ETTh1 gpu=1
train_start=2026-07-21T11:07:59+08:00 job=17/25 arm=siff_categorical_target_only dataset=ETTh2 gpu=1 profile=r2b_p12_d64_ff128_medium rank=256
run_done=2026-07-21T11:09:32+08:00 job=17/25 arm=siff_categorical_target_only dataset=ETTh2 gpu=1
train_start=2026-07-21T11:09:32+08:00 job=20/25 arm=siff_independent_target_only dataset=ETTh2 gpu=1 profile=r2b_p12_d64_ff128_medium rank=115
run_done=2026-07-21T11:09:50+08:00 job=7/25 arm=siff_categorical_target_only dataset=ETTm1 gpu=0
train_start=2026-07-21T11:09:50+08:00 job=10/25 arm=siff_independent_target_only dataset=ETTm1 gpu=0 profile=r2b_p24_d32_ff64_narrow rank=115
run_done=2026-07-21T11:10:33+08:00 job=21/25 arm=tsaf dataset=ETTm2 gpu=2
train_start=2026-07-21T11:10:33+08:00 job=24/25 arm=tsaf_no_target_global dataset=ETTm2 gpu=2 profile=r2b_p48_d64_ff128_medium rank=256
run_done=2026-07-21T11:10:58+08:00 job=20/25 arm=siff_independent_target_only dataset=ETTh2 gpu=1
train_start=2026-07-21T11:10:58+08:00 job=23/25 arm=tsaf_permuted_scale dataset=ETTm2 gpu=1 profile=r2b_p48_d64_ff128_medium rank=256
run_done=2026-07-21T11:15:30+08:00 job=24/25 arm=tsaf_no_target_global dataset=ETTm2 gpu=2
run_done=2026-07-21T11:15:55+08:00 job=23/25 arm=tsaf_permuted_scale dataset=ETTm2 gpu=1
run_done=2026-07-21T11:22:22+08:00 job=10/25 arm=siff_independent_target_only dataset=ETTm1 gpu=0
train_start=2026-07-21T11:22:22+08:00 job=13/25 arm=tsaf_permuted_scale dataset=ETTh1 gpu=0 profile=r2b_p24_d64_ff128_medium rank=256
run_done=2026-07-21T11:23:49+08:00 job=13/25 arm=tsaf_permuted_scale dataset=ETTh1 gpu=0
train_start=2026-07-21T11:23:49+08:00 job=16/25 arm=tsaf dataset=ETTh2 gpu=0 profile=r2b_p12_d64_ff128_medium rank=256
run_done=2026-07-21T11:25:16+08:00 job=16/25 arm=tsaf dataset=ETTh2 gpu=0
train_start=2026-07-21T11:25:16+08:00 job=19/25 arm=tsaf_no_target_global dataset=ETTh2 gpu=0 profile=r2b_p12_d64_ff128_medium rank=256
run_done=2026-07-21T11:26:41+08:00 job=19/25 arm=tsaf_no_target_global dataset=ETTh2 gpu=0
train_start=2026-07-21T11:26:41+08:00 job=22/25 arm=siff_categorical_target_only dataset=ETTm2 gpu=0 profile=r2b_p48_d64_ff128_medium rank=256
run_done=2026-07-21T11:33:10+08:00 job=22/25 arm=siff_categorical_target_only dataset=ETTm2 gpu=0
train_start=2026-07-21T11:33:10+08:00 job=25/25 arm=siff_independent_target_only dataset=ETTm2 gpu=0 profile=r2b_p48_d64_ff128_medium rank=106
run_done=2026-07-21T11:38:19+08:00 job=25/25 arm=siff_independent_target_only dataset=ETTm2 gpu=0
tsaf_training_done=2026-07-21T11:38:19+08:00 formal_test_executed=false
