Args in experiment:
[1mBasic Config[0m
  Task Name:          long_term_forecast_meta_ml3Is Training:        1                   
  Model ID:           ETTh2_336_720       Model:              TQNet               

[1mData Loader[0m
  Data:               ETTh2               Root Path:          /home/yingch/dataset/ETT-small/
  Data Path:          ETTh2.csv           Features:           M                   
  Target:             OT                  Freq:               h                   

[1mSave[0m
  Checkpoints:        /home/yingch/exp_outputs/r-2026-fatst/qdf_main_i_seq336_20260806/runs/QDF__ETTh2__H720__seed2023/checkpoints/
  Results:            /home/yingch/exp_outputs/r-2026-fatst/qdf_main_i_seq336_20260806/runs/QDF__ETTh2__H720__seed2023/results/
  Test Results:       /home/yingch/exp_outputs/r-2026-fatst/qdf_main_i_seq336_20260806/runs/QDF__ETTh2__H720__seed2023/test_results/
  Log Path:           /home/yingch/exp_outputs/r-2026-fatst/qdf_main_i_seq336_20260806/runs/QDF__ETTh2__H720__seed2023/result_long_term_forecast.txt
  Output Predictions and GroundTruth:0                   
  Output Visualizations:0                   

[1mModel Parameters[0m
  Top k:              5                   Num Kernels:        6                   
  Enc In:             7                   Dec In:             7                   
  C Out:              7                   d model:            512                 
  n heads:            8                   e layers:           2                   
  d layers:           1                   d FF:               2048                
  Moving Avg:         25                  Factor:             3                   
  Distil:             1                   Dropout:            0.5                 
  Embed:              timeF               Activation:         gelu                
  Output Attention:   0                   

[1mRun Parameters[0m
  Threads:            1                   
  Num Workers:        0                   Itr:                1                   
  Train Epochs:       30                  Batch Size:         32                  
  Patience:           5                   Learning Rate:      0.0005              
  Des:                TQNet               Loss:               MSE                 
  Lradj:              type1               Use Amp:            0                   

[1mFreDF Setting[0m
  Alpha:              0.0                 1 - Alpha:          1.0                 
  Auxi Loss:          MSE                 Auxi Mode:          fft                 
  Auxi Type:          complex             Module First:       1                   
  Degree of Polynominal:2                   

[1mGPU[0m
  Use GPU:            1                   GPU:                0                   
  Use Multi GPU:      0                   Devices:            0,1,2,3             

[1mDe-stationary Projector Params[0m
  P Hidden Dims:      128, 128            P Hidden Layers:    2                   

Use GPU: cuda:0
>>>>>>>start training : long_term_forecast_meta_ml3_ETTh2_336_720_TQNet_ETTh2_ftM_sl336_ll48_pl720_dm512_nh8_el2_dl1_df2048_fc3_ebtimeF_dtTrue_ax0.0_rl1.0_axlMSE_mf1_TQNet_0>>>>>>>>>>>>>>>>>>>>>>>>>>
train 7585
val 2161

>>>>>>>Meta Training Phase

Initial learning rates: 0.2
	task: 1, total task: 2 | meta loss: 0.2488542
	task: 2, total task: 2 | meta loss: 0.8797367
Step: 100 cost time: 35.62s
Step: 100 | Avg Meta Loss: 0.5642954
Updating learning rate from 0.2 to 0.1
	task: 1, total task: 2 | meta loss: 0.2247061
	task: 2, total task: 2 | meta loss: 0.6912572
Step: 200 cost time: 39.08s
Step: 200 | Avg Meta Loss: 0.4579816
Updating learning rate from 0.1 to 0.05
	task: 1, total task: 2 | meta loss: 0.2220367
	task: 2, total task: 2 | meta loss: 0.7524276
Step: 300 cost time: 41.66s
Step: 300 | Avg Meta Loss: 0.4872322
Updating learning rate from 0.05 to 0.025
Statistics of learned covariance matrix: [92m(mean: 0.0190, std: 0.0423, min: -0.0173, max: 1.2004)[0m

>>>>>>>Meta Training Phase completed


>>>>>>>Meta Test Phase

Initial learning rates: 0.0005
	Meta Test - iters: 100, epoch: 1 | loss: 0.2891327, mse loss: 0.8295395
	speed: 0.0090s/iter; cost time: 0.8954s; left time: 62.7774s
	Meta Test - iters: 200, epoch: 1 | loss: 0.3311618, mse loss: 1.0844920
	speed: 0.0086s/iter; cost time: 0.8570s; left time: 59.2266s
Epoch: 1 cost time: 2.073009729385376
Validation cost time: 0.2727699279785156
Epoch: 1 | Train Loss Cov: 0.2640278, MSE: 0.8315707 | Valid Loss Cov: 0.1485578, MSE: 0.6455955
Validation loss decreased [92m(inf --> 0.645595)[0m. Saving model ...
Updating learning rate from 0.0005 to 0.00025
	Meta Test - iters: 100, epoch: 2 | loss: 0.2155517, mse loss: 0.6049168
	speed: 0.0149s/iter; cost time: 1.4908s; left time: 100.9856s
	Meta Test - iters: 200, epoch: 2 | loss: 0.2566318, mse loss: 0.7406764
	speed: 0.0088s/iter; cost time: 0.8797s; left time: 58.7120s
Epoch: 2 cost time: 2.0914361476898193
Validation cost time: 0.2751474380493164
Epoch: 2 | Train Loss Cov: 0.2476483, MSE: 0.7697009 | Valid Loss Cov: 0.1459879, MSE: 0.6258708
Validation loss decreased [92m(0.645595 --> 0.625871)[0m. Saving model ...
Updating learning rate from 0.00025 to 0.000125
	Meta Test - iters: 100, epoch: 3 | loss: 0.2495257, mse loss: 0.8059841
	speed: 0.0148s/iter; cost time: 1.4819s; left time: 96.8708s
	Meta Test - iters: 200, epoch: 3 | loss: 0.1937279, mse loss: 0.5784655
	speed: 0.0088s/iter; cost time: 0.8751s; left time: 56.3270s
Epoch: 3 cost time: 2.0713272094726562
Validation cost time: 0.26845717430114746
Epoch: 3 | Train Loss Cov: 0.2435911, MSE: 0.7470623 | Valid Loss Cov: 0.1455433, MSE: 0.6232464
Validation loss decreased [92m(0.625871 --> 0.623246)[0m. Saving model ...
Updating learning rate from 0.000125 to 6.25e-05
	Meta Test - iters: 100, epoch: 4 | loss: 0.2456209, mse loss: 0.7481300
	speed: 0.0147s/iter; cost time: 1.4666s; left time: 92.3947s
	Meta Test - iters: 200, epoch: 4 | loss: 0.2443831, mse loss: 0.7340639
	speed: 0.0085s/iter; cost time: 0.8534s; left time: 52.9123s
Epoch: 4 cost time: 2.0388636589050293
Validation cost time: 0.2760183811187744
Epoch: 4 | Train Loss Cov: 0.2414893, MSE: 0.7346900 | Valid Loss Cov: 0.1458551, MSE: 0.6280678
EarlyStopping counter: [91m1 out of 5[0m
Updating learning rate from 6.25e-05 to 3.125e-05
	Meta Test - iters: 100, epoch: 5 | loss: 0.2078082, mse loss: 0.5755167
	speed: 0.0148s/iter; cost time: 1.4829s; left time: 89.9055s
	Meta Test - iters: 200, epoch: 5 | loss: 0.2485289, mse loss: 0.8101619
	speed: 0.0086s/iter; cost time: 0.8577s; left time: 51.1433s
Epoch: 5 cost time: 2.052755355834961
Validation cost time: 0.26344990730285645
Epoch: 5 | Train Loss Cov: 0.2401671, MSE: 0.7277275 | Valid Loss Cov: 0.1457338, MSE: 0.6254176
EarlyStopping counter: [91m2 out of 5[0m
Updating learning rate from 3.125e-05 to 1.5625e-05
	Meta Test - iters: 100, epoch: 6 | loss: 0.2294929, mse loss: 0.7764496
	speed: 0.0143s/iter; cost time: 1.4270s; left time: 83.1388s
	Meta Test - iters: 200, epoch: 6 | loss: 0.3181868, mse loss: 1.0445205
	speed: 0.0086s/iter; cost time: 0.8566s; left time: 49.0466s
Epoch: 6 cost time: 2.0221543312072754
Validation cost time: 0.2645754814147949
Epoch: 6 | Train Loss Cov: 0.2397391, MSE: 0.7252183 | Valid Loss Cov: 0.1460598, MSE: 0.6285691
EarlyStopping counter: [91m3 out of 5[0m
Updating learning rate from 1.5625e-05 to 7.8125e-06
	Meta Test - iters: 100, epoch: 7 | loss: 0.2880549, mse loss: 0.8548322
	speed: 0.0144s/iter; cost time: 1.4405s; left time: 80.5087s
	Meta Test - iters: 200, epoch: 7 | loss: 0.2213363, mse loss: 0.6907475
	speed: 0.0085s/iter; cost time: 0.8534s; left time: 46.8453s
Epoch: 7 cost time: 2.030688524246216
Validation cost time: 0.27124905586242676
Epoch: 7 | Train Loss Cov: 0.2393695, MSE: 0.7231796 | Valid Loss Cov: 0.1461016, MSE: 0.6288835
EarlyStopping counter: [91m4 out of 5[0m
Updating learning rate from 7.8125e-06 to 3.90625e-06
	Meta Test - iters: 100, epoch: 8 | loss: 0.2251073, mse loss: 0.7182297
	speed: 0.0144s/iter; cost time: 1.4436s; left time: 77.2622s
	Meta Test - iters: 200, epoch: 8 | loss: 0.2718641, mse loss: 0.8361405
	speed: 0.0086s/iter; cost time: 0.8581s; left time: 45.0675s
Epoch: 8 cost time: 2.0382180213928223
Validation cost time: 0.26430177688598633
Epoch: 8 | Train Loss Cov: 0.2390848, MSE: 0.7205399 | Valid Loss Cov: 0.1460420, MSE: 0.6292138
EarlyStopping counter: [91m5 out of 5[0m
Meta Test Early stopping

>>>>>>>Meta Test Phase completed

>>>>>>>testing : long_term_forecast_meta_ml3_ETTh2_336_720_TQNet_ETTh2_ftM_sl336_ll48_pl720_dm512_nh8_el2_dl1_df2048_fc3_ebtimeF_dtTrue_ax0.0_rl1.0_axlMSE_mf1_TQNet_0<<<<<<<<<<<<<<<<<<<<<<<<<<<<<<<<<
test 2161
test shape: torch.Size([2161, 720, 7]) torch.Size([2161, 720, 7])
test shape: torch.Size([2161, 720, 7]) torch.Size([2161, 720, 7])
720	| mse:0.40693315863609314, mae:0.43962332606315613, cov:0.1713869571685791
save configs
