Args in experiment:
[1mBasic Config[0m
  Task Name:          long_term_forecast_meta_ml3Is Training:        1                   
  Model ID:           Exchange_336_336    Model:              TQNet               

[1mData Loader[0m
  Data:               custom              Root Path:          /home/yingch/dataset/exchange_rate/
  Data Path:          exchange_rate.csv   Features:           M                   
  Target:             OT                  Freq:               h                   

[1mSave[0m
  Checkpoints:        /home/yingch/exp_outputs/r-2026-fatst/qdf_main_i_seq336_20260806/runs/QDF__Exchange__H336__seed2023/checkpoints/
  Results:            /home/yingch/exp_outputs/r-2026-fatst/qdf_main_i_seq336_20260806/runs/QDF__Exchange__H336__seed2023/results/
  Test Results:       /home/yingch/exp_outputs/r-2026-fatst/qdf_main_i_seq336_20260806/runs/QDF__Exchange__H336__seed2023/test_results/
  Log Path:           /home/yingch/exp_outputs/r-2026-fatst/qdf_main_i_seq336_20260806/runs/QDF__Exchange__H336__seed2023/result_long_term_forecast.txt
  Output Predictions and GroundTruth:0                   
  Output Visualizations:0                   

[1mModel Parameters[0m
  Top k:              5                   Num Kernels:        6                   
  Enc In:             8                   Dec In:             8                   
  C Out:              8                   d model:            512                 
  n heads:            8                   e layers:           2                   
  d layers:           1                   d FF:               2048                
  Moving Avg:         25                  Factor:             3                   
  Distil:             1                   Dropout:            0.5                 
  Embed:              timeF               Activation:         gelu                
  Output Attention:   0                   

[1mRun Parameters[0m
  Threads:            1                   
  Num Workers:        0                   Itr:                1                   
  Train Epochs:       30                  Batch Size:         32                  
  Patience:           5                   Learning Rate:      0.002               
  Des:                TQNet               Loss:               MSE                 
  Lradj:              type1               Use Amp:            0                   

[1mFreDF Setting[0m
  Alpha:              0.0                 1 - Alpha:          1.0                 
  Auxi Loss:          MSE                 Auxi Mode:          fft                 
  Auxi Type:          complex             Module First:       1                   
  Degree of Polynominal:2                   

[1mGPU[0m
  Use GPU:            1                   GPU:                0                   
  Use Multi GPU:      0                   Devices:            0,1,2,3             

[1mDe-stationary Projector Params[0m
  P Hidden Dims:      128, 128            P Hidden Layers:    2                   

Use GPU: cuda:0
>>>>>>>start training : long_term_forecast_meta_ml3_Exchange_336_336_TQNet_custom_ftM_sl336_ll48_pl336_dm512_nh8_el2_dl1_df2048_fc3_ebtimeF_dtTrue_ax0.0_rl1.0_axlMSE_mf1_TQNet_0>>>>>>>>>>>>>>>>>>>>>>>>>>
Head lines of raw dataframe:
            date       0       1  ...         5         6      OT
0  1990/1/1 0:00  0.7855  1.6110  ...  0.006838  0.525486  0.5930
1  1990/1/2 0:00  0.7818  1.6100  ...  0.006863  0.523972  0.5940
2  1990/1/3 0:00  0.7867  1.6293  ...  0.006975  0.526316  0.5973
3  1990/1/4 0:00  0.7860  1.6370  ...  0.006953  0.523834  0.5970
4  1990/1/5 0:00  0.7849  1.6530  ...  0.006940  0.527426  0.5985

[5 rows x 9 columns]
train 4639
val 425

>>>>>>>Meta Training Phase

Initial learning rates: 0.01
	task: 1, total task: 3 | meta loss: 0.4073690
	task: 2, total task: 3 | meta loss: 0.5487802
	task: 3, total task: 3 | meta loss: 0.7804052
Step: 100 cost time: 36.12s
Step: 100 | Avg Meta Loss: 0.5788515
Updating learning rate from 0.01 to 0.005
	task: 1, total task: 3 | meta loss: 0.2987727
	task: 2, total task: 3 | meta loss: 0.4391285
	task: 3, total task: 3 | meta loss: 0.8252008
Step: 200 cost time: 34.57s
Step: 200 | Avg Meta Loss: 0.5210340
Updating learning rate from 0.005 to 0.0025
	task: 1, total task: 3 | meta loss: 0.3297511
	task: 2, total task: 3 | meta loss: 0.4383732
	task: 3, total task: 3 | meta loss: 0.6709890
Step: 300 cost time: 34.17s
Step: 300 | Avg Meta Loss: 0.4797044
Updating learning rate from 0.0025 to 0.00125
Statistics of learned covariance matrix: [92m(mean: 0.0080, std: 0.0550, min: -0.0002, max: 1.0222)[0m

>>>>>>>Meta Training Phase completed


>>>>>>>Meta Test Phase

Initial learning rates: 0.002
	Meta Test - iters: 100, epoch: 1 | loss: 0.2277974, mse loss: 0.5131627
	speed: 0.0100s/iter; cost time: 1.0019s; left time: 42.2885s
Epoch: 1 cost time: 1.421196699142456
Validation cost time: 0.04872584342956543
Epoch: 1 | Train Loss Cov: 0.2084566, MSE: 0.4516243 | Valid Loss Cov: 0.1873811, MSE: 0.3880947
Validation loss decreased [92m(inf --> 0.388095)[0m. Saving model ...
Updating learning rate from 0.002 to 0.001
	Meta Test - iters: 100, epoch: 2 | loss: 0.1544137, mse loss: 0.3216608
	speed: 0.0143s/iter; cost time: 1.4276s; left time: 58.2026s
Epoch: 2 cost time: 1.3649988174438477
Validation cost time: 0.04773259162902832
Epoch: 2 | Train Loss Cov: 0.1817906, MSE: 0.3946339 | Valid Loss Cov: 0.1724739, MSE: 0.3448486
Validation loss decreased [92m(0.388095 --> 0.344849)[0m. Saving model ...
Updating learning rate from 0.001 to 0.0005
	Meta Test - iters: 100, epoch: 3 | loss: 0.1549191, mse loss: 0.3197068
	speed: 0.0143s/iter; cost time: 1.4333s; left time: 56.3721s
Epoch: 3 cost time: 1.3753561973571777
Validation cost time: 0.04623985290527344
Epoch: 3 | Train Loss Cov: 0.1500562, MSE: 0.3195085 | Valid Loss Cov: 0.2315235, MSE: 0.4889429
EarlyStopping counter: [91m1 out of 5[0m
Updating learning rate from 0.0005 to 0.00025
	Meta Test - iters: 100, epoch: 4 | loss: 0.1486286, mse loss: 0.3083416
	speed: 0.0141s/iter; cost time: 1.4137s; left time: 53.5649s
Epoch: 4 cost time: 1.369823932647705
Validation cost time: 0.04625415802001953
Epoch: 4 | Train Loss Cov: 0.1269251, MSE: 0.2652454 | Valid Loss Cov: 0.2198603, MSE: 0.4585574
EarlyStopping counter: [91m2 out of 5[0m
Updating learning rate from 0.00025 to 0.000125
	Meta Test - iters: 100, epoch: 5 | loss: 0.1088311, mse loss: 0.2252056
	speed: 0.0142s/iter; cost time: 1.4159s; left time: 51.6089s
Epoch: 5 cost time: 1.3749902248382568
Validation cost time: 0.04689168930053711
Epoch: 5 | Train Loss Cov: 0.1142639, MSE: 0.2347863 | Valid Loss Cov: 0.1972502, MSE: 0.3891443
EarlyStopping counter: [91m3 out of 5[0m
Updating learning rate from 0.000125 to 6.25e-05
	Meta Test - iters: 100, epoch: 6 | loss: 0.1051069, mse loss: 0.2199466
	speed: 0.0142s/iter; cost time: 1.4239s; left time: 49.8523s
Epoch: 6 cost time: 1.3672175407409668
Validation cost time: 0.04667353630065918
Epoch: 6 | Train Loss Cov: 0.1075488, MSE: 0.2189118 | Valid Loss Cov: 0.2126957, MSE: 0.4260549
EarlyStopping counter: [91m4 out of 5[0m
Updating learning rate from 6.25e-05 to 3.125e-05
	Meta Test - iters: 100, epoch: 7 | loss: 0.1025751, mse loss: 0.2105631
	speed: 0.0141s/iter; cost time: 1.4097s; left time: 47.3231s
Epoch: 7 cost time: 1.3621339797973633
Validation cost time: 0.04778695106506348
Epoch: 7 | Train Loss Cov: 0.1047675, MSE: 0.2117473 | Valid Loss Cov: 0.2041488, MSE: 0.4064310
EarlyStopping counter: [91m5 out of 5[0m
Meta Test Early stopping

>>>>>>>Meta Test Phase completed

>>>>>>>testing : long_term_forecast_meta_ml3_Exchange_336_336_TQNet_custom_ftM_sl336_ll48_pl336_dm512_nh8_el2_dl1_df2048_fc3_ebtimeF_dtTrue_ax0.0_rl1.0_axlMSE_mf1_TQNet_0<<<<<<<<<<<<<<<<<<<<<<<<<<<<<<<<<
test 1182
test shape: torch.Size([1182, 336, 8]) torch.Size([1182, 336, 8])
test shape: torch.Size([1182, 336, 8]) torch.Size([1182, 336, 8])
336	| mse:0.37671607732772827, mae:0.44817039370536804, cov:0.16241079568862915
save configs
