Args in experiment:
[1mBasic Config[0m
  Task Name:          long_term_forecast_meta_ml3Is Training:        1                   
  Model ID:           Exchange_336_192    Model:              TQNet               

[1mData Loader[0m
  Data:               custom              Root Path:          /home/yingch/dataset/exchange_rate/
  Data Path:          exchange_rate.csv   Features:           M                   
  Target:             OT                  Freq:               h                   

[1mSave[0m
  Checkpoints:        /home/yingch/exp_outputs/r-2026-fatst/qdf_main_i_seq336_20260806/runs/QDF__Exchange__H192__seed2023/checkpoints/
  Results:            /home/yingch/exp_outputs/r-2026-fatst/qdf_main_i_seq336_20260806/runs/QDF__Exchange__H192__seed2023/results/
  Test Results:       /home/yingch/exp_outputs/r-2026-fatst/qdf_main_i_seq336_20260806/runs/QDF__Exchange__H192__seed2023/test_results/
  Log Path:           /home/yingch/exp_outputs/r-2026-fatst/qdf_main_i_seq336_20260806/runs/QDF__Exchange__H192__seed2023/result_long_term_forecast.txt
  Output Predictions and GroundTruth:0                   
  Output Visualizations:0                   

[1mModel Parameters[0m
  Top k:              5                   Num Kernels:        6                   
  Enc In:             8                   Dec In:             8                   
  C Out:              8                   d model:            512                 
  n heads:            8                   e layers:           2                   
  d layers:           1                   d FF:               2048                
  Moving Avg:         25                  Factor:             3                   
  Distil:             1                   Dropout:            0.5                 
  Embed:              timeF               Activation:         gelu                
  Output Attention:   0                   

[1mRun Parameters[0m
  Threads:            1                   
  Num Workers:        0                   Itr:                1                   
  Train Epochs:       30                  Batch Size:         32                  
  Patience:           5                   Learning Rate:      0.005               
  Des:                TQNet               Loss:               MSE                 
  Lradj:              type1               Use Amp:            0                   

[1mFreDF Setting[0m
  Alpha:              0.0                 1 - Alpha:          1.0                 
  Auxi Loss:          MSE                 Auxi Mode:          fft                 
  Auxi Type:          complex             Module First:       1                   
  Degree of Polynominal:2                   

[1mGPU[0m
  Use GPU:            1                   GPU:                0                   
  Use Multi GPU:      0                   Devices:            0,1,2,3             

[1mDe-stationary Projector Params[0m
  P Hidden Dims:      128, 128            P Hidden Layers:    2                   

Use GPU: cuda:0
>>>>>>>start training : long_term_forecast_meta_ml3_Exchange_336_192_TQNet_custom_ftM_sl336_ll48_pl192_dm512_nh8_el2_dl1_df2048_fc3_ebtimeF_dtTrue_ax0.0_rl1.0_axlMSE_mf1_TQNet_0>>>>>>>>>>>>>>>>>>>>>>>>>>
Head lines of raw dataframe:
            date       0       1  ...         5         6      OT
0  1990/1/1 0:00  0.7855  1.6110  ...  0.006838  0.525486  0.5930
1  1990/1/2 0:00  0.7818  1.6100  ...  0.006863  0.523972  0.5940
2  1990/1/3 0:00  0.7867  1.6293  ...  0.006975  0.526316  0.5973
3  1990/1/4 0:00  0.7860  1.6370  ...  0.006953  0.523834  0.5970
4  1990/1/5 0:00  0.7849  1.6530  ...  0.006940  0.527426  0.5985

[5 rows x 9 columns]
train 4783
val 569

>>>>>>>Meta Training Phase

Initial learning rates: 0.02
	task: 1, total task: 1 | meta loss: 0.4196566
Step: 100 cost time: 20.77s
Step: 100 | Avg Meta Loss: 0.4196566
Updating learning rate from 0.02 to 0.01
	task: 1, total task: 1 | meta loss: 0.3690195
Step: 200 cost time: 19.52s
Step: 200 | Avg Meta Loss: 0.3690195
Updating learning rate from 0.01 to 0.005
	task: 1, total task: 1 | meta loss: 0.2832160
Step: 300 cost time: 19.94s
Step: 300 | Avg Meta Loss: 0.2832160
Updating learning rate from 0.005 to 0.0025
Statistics of learned covariance matrix: [92m(mean: 0.0156, std: 0.0733, min: -0.0010, max: 1.0395)[0m

>>>>>>>Meta Training Phase completed


>>>>>>>Meta Test Phase

Initial learning rates: 0.005
	Meta Test - iters: 100, epoch: 1 | loss: 0.1387365, mse loss: 0.3108369
	speed: 0.0096s/iter; cost time: 0.9611s; left time: 42.0104s
Epoch: 1 cost time: 1.4192354679107666
Validation cost time: 0.059744834899902344
Epoch: 1 | Train Loss Cov: 0.1321791, MSE: 0.2891421 | Valid Loss Cov: 0.1189477, MSE: 0.2601766
Validation loss decreased [92m(inf --> 0.260177)[0m. Saving model ...
Updating learning rate from 0.005 to 0.0025
	Meta Test - iters: 100, epoch: 2 | loss: 0.1152271, mse loss: 0.2530030
	speed: 0.0146s/iter; cost time: 1.4597s; left time: 61.6281s
Epoch: 2 cost time: 1.3891432285308838
Validation cost time: 0.061382293701171875
Epoch: 2 | Train Loss Cov: 0.1091625, MSE: 0.2476956 | Valid Loss Cov: 0.1080325, MSE: 0.2325722
Validation loss decreased [92m(0.260177 --> 0.232572)[0m. Saving model ...
Updating learning rate from 0.0025 to 0.00125
	Meta Test - iters: 100, epoch: 3 | loss: 0.0826962, mse loss: 0.1785481
	speed: 0.0146s/iter; cost time: 1.4604s; left time: 59.4839s
Epoch: 3 cost time: 1.39105224609375
Validation cost time: 0.05918550491333008
Epoch: 3 | Train Loss Cov: 0.0956241, MSE: 0.2134929 | Valid Loss Cov: 0.1120160, MSE: 0.2465913
EarlyStopping counter: [91m1 out of 5[0m
Updating learning rate from 0.00125 to 0.000625
	Meta Test - iters: 100, epoch: 4 | loss: 0.0705370, mse loss: 0.1433908
	speed: 0.0145s/iter; cost time: 1.4453s; left time: 56.7144s
Epoch: 4 cost time: 1.3845832347869873
Validation cost time: 0.059578657150268555
Epoch: 4 | Train Loss Cov: 0.0868081, MSE: 0.1914474 | Valid Loss Cov: 0.1247788, MSE: 0.2846310
EarlyStopping counter: [91m2 out of 5[0m
Updating learning rate from 0.000625 to 0.0003125
	Meta Test - iters: 100, epoch: 5 | loss: 0.0683325, mse loss: 0.1490312
	speed: 0.0145s/iter; cost time: 1.4522s; left time: 54.8202s
Epoch: 5 cost time: 1.3923068046569824
Validation cost time: 0.059355974197387695
Epoch: 5 | Train Loss Cov: 0.0780904, MSE: 0.1695258 | Valid Loss Cov: 0.1496901, MSE: 0.3543124
EarlyStopping counter: [91m3 out of 5[0m
Updating learning rate from 0.0003125 to 0.00015625
	Meta Test - iters: 100, epoch: 6 | loss: 0.0709649, mse loss: 0.1379461
	speed: 0.0145s/iter; cost time: 1.4515s; left time: 52.6324s
Epoch: 6 cost time: 1.3927631378173828
Validation cost time: 0.05983090400695801
Epoch: 6 | Train Loss Cov: 0.0729881, MSE: 0.1566133 | Valid Loss Cov: 0.1438160, MSE: 0.3388498
EarlyStopping counter: [91m4 out of 5[0m
Updating learning rate from 0.00015625 to 7.8125e-05
	Meta Test - iters: 100, epoch: 7 | loss: 0.0734469, mse loss: 0.1564714
	speed: 0.0146s/iter; cost time: 1.4573s; left time: 50.6695s
Epoch: 7 cost time: 1.3939287662506104
Validation cost time: 0.05933022499084473
Epoch: 7 | Train Loss Cov: 0.0697506, MSE: 0.1484551 | Valid Loss Cov: 0.1516565, MSE: 0.3591080
EarlyStopping counter: [91m5 out of 5[0m
Meta Test Early stopping

>>>>>>>Meta Test Phase completed

>>>>>>>testing : long_term_forecast_meta_ml3_Exchange_336_192_TQNet_custom_ftM_sl336_ll48_pl192_dm512_nh8_el2_dl1_df2048_fc3_ebtimeF_dtTrue_ax0.0_rl1.0_axlMSE_mf1_TQNet_0<<<<<<<<<<<<<<<<<<<<<<<<<<<<<<<<<
test 1326
test shape: torch.Size([1326, 192, 8]) torch.Size([1326, 192, 8])
test shape: torch.Size([1326, 192, 8]) torch.Size([1326, 192, 8])
192	| mse:0.1992684304714203, mae:0.31746938824653625, cov:0.08512542396783829
save configs
