run_start dataset=ETTh2 mode=fixed pred_len=192 target_horizons=[192] encoder_mode=timealign-token-mlp readout_mode=official pcc_objective_mode=off output_dir=/home/yingch/exp_outputs/r-2026-fatst/timealign_official_reproduction/main_i_8dataset_20260806/runs/TimeAlign__ETTh2__H192__seed2021
train 7729
val 2689
	iters: 100, epoch: 1 | loss: 0.7431024
	iters: 200, epoch: 1 | loss: 0.5892422
Epoch: 1, Steps: 242 | Train Loss: 0.6569546 Vali Loss: 0.2912845
Updating learning rate to 0.0004877641290737884
	iters: 100, epoch: 2 | loss: 0.5271767
	iters: 200, epoch: 2 | loss: 0.5170442
Epoch: 2, Steps: 242 | Train Loss: 0.5359788 Vali Loss: 0.2972787
Updating learning rate to 0.0004522542485937369
	iters: 100, epoch: 3 | loss: 0.4740106
	iters: 200, epoch: 3 | loss: 0.4850650
Epoch: 3, Steps: 242 | Train Loss: 0.4985732 Vali Loss: 0.3185881
Updating learning rate to 0.0003969463130731183
	iters: 100, epoch: 4 | loss: 0.4710567
	iters: 200, epoch: 4 | loss: 0.4270381
Epoch: 4, Steps: 242 | Train Loss: 0.4842601 Vali Loss: 0.3150819
Updating learning rate to 0.00032725424859373687
	iters: 100, epoch: 5 | loss: 0.5446707
	iters: 200, epoch: 5 | loss: 0.5010376
Epoch: 5, Steps: 242 | Train Loss: 0.4750487 Vali Loss: 0.3078058
Updating learning rate to 0.00025
	iters: 100, epoch: 6 | loss: 0.5521280
	iters: 200, epoch: 6 | loss: 0.5378700
Epoch: 6, Steps: 242 | Train Loss: 0.4679597 Vali Loss: 0.3035728
Updating learning rate to 0.00017274575140626317
	iters: 100, epoch: 7 | loss: 0.4093816
	iters: 200, epoch: 7 | loss: 0.5347065
Epoch: 7, Steps: 242 | Train Loss: 0.4629129 Vali Loss: 0.3083443
Updating learning rate to 0.00010305368692688174
	iters: 100, epoch: 8 | loss: 0.4845707
	iters: 200, epoch: 8 | loss: 0.4471292
Epoch: 8, Steps: 242 | Train Loss: 0.4589648 Vali Loss: 0.3042189
Updating learning rate to 4.7745751406263163e-05
	iters: 100, epoch: 9 | loss: 0.5028890
	iters: 200, epoch: 9 | loss: 0.4346944
Epoch: 9, Steps: 242 | Train Loss: 0.4563647 Vali Loss: 0.3127091
Updating learning rate to 1.2235870926211617e-05
	iters: 100, epoch: 10 | loss: 0.4607458
	iters: 200, epoch: 10 | loss: 0.4715065
Epoch: 10, Steps: 242 | Train Loss: 0.4551767 Vali Loss: 0.3101624
Updating learning rate to 0.0
test 2689
run_done output_dir=/home/yingch/exp_outputs/r-2026-fatst/timealign_official_reproduction/main_i_8dataset_20260806/runs/TimeAlign__ETTh2__H192__seed2021 evaluation_split=test
