Args in experiment:
[1mBasic Config[0m
  Task Name:          long_term_forecast_meta_ml3Is Training:        1                   
  Model ID:           ETTm2_336_192       Model:              TQNet               

[1mData Loader[0m
  Data:               ETTm2               Root Path:          /home/yingch/dataset/ETT-small/
  Data Path:          ETTm2.csv           Features:           M                   
  Target:             OT                  Freq:               h                   

[1mSave[0m
  Checkpoints:        /home/yingch/exp_outputs/r-2026-fatst/qdf_main_i_seq336_20260806/runs/QDF__ETTm2__H192__seed2023/checkpoints/
  Results:            /home/yingch/exp_outputs/r-2026-fatst/qdf_main_i_seq336_20260806/runs/QDF__ETTm2__H192__seed2023/results/
  Test Results:       /home/yingch/exp_outputs/r-2026-fatst/qdf_main_i_seq336_20260806/runs/QDF__ETTm2__H192__seed2023/test_results/
  Log Path:           /home/yingch/exp_outputs/r-2026-fatst/qdf_main_i_seq336_20260806/runs/QDF__ETTm2__H192__seed2023/result_long_term_forecast.txt
  Output Predictions and GroundTruth:0                   
  Output Visualizations:0                   

[1mModel Parameters[0m
  Top k:              5                   Num Kernels:        6                   
  Enc In:             7                   Dec In:             7                   
  C Out:              7                   d model:            512                 
  n heads:            8                   e layers:           2                   
  d layers:           1                   d FF:               2048                
  Moving Avg:         25                  Factor:             3                   
  Distil:             1                   Dropout:            0.5                 
  Embed:              timeF               Activation:         gelu                
  Output Attention:   0                   

[1mRun Parameters[0m
  Threads:            1                   
  Num Workers:        0                   Itr:                1                   
  Train Epochs:       30                  Batch Size:         32                  
  Patience:           5                   Learning Rate:      0.0002              
  Des:                TQNet               Loss:               MSE                 
  Lradj:              type1               Use Amp:            0                   

[1mFreDF Setting[0m
  Alpha:              0.0                 1 - Alpha:          1.0                 
  Auxi Loss:          MSE                 Auxi Mode:          fft                 
  Auxi Type:          complex             Module First:       1                   
  Degree of Polynominal:2                   

[1mGPU[0m
  Use GPU:            1                   GPU:                0                   
  Use Multi GPU:      0                   Devices:            0,1,2,3             

[1mDe-stationary Projector Params[0m
  P Hidden Dims:      128, 128            P Hidden Layers:    2                   

Use GPU: cuda:0
>>>>>>>start training : long_term_forecast_meta_ml3_ETTm2_336_192_TQNet_ETTm2_ftM_sl336_ll48_pl192_dm512_nh8_el2_dl1_df2048_fc3_ebtimeF_dtTrue_ax0.0_rl1.0_axlMSE_mf1_TQNet_0>>>>>>>>>>>>>>>>>>>>>>>>>>
train 34033
val 11329

>>>>>>>Meta Training Phase

Initial learning rates: 0.2
	task: 1, total task: 1 | meta loss: 0.2555570
Step: 100 cost time: 21.27s
Step: 100 | Avg Meta Loss: 0.2555570
Updating learning rate from 0.2 to 0.1
	task: 1, total task: 1 | meta loss: 0.2726913
Step: 200 cost time: 20.72s
Step: 200 | Avg Meta Loss: 0.2726913
Updating learning rate from 0.1 to 0.05
	task: 1, total task: 1 | meta loss: 0.2308573
Step: 300 cost time: 20.95s
Step: 300 | Avg Meta Loss: 0.2308573
Updating learning rate from 0.05 to 0.025
	task: 1, total task: 1 | meta loss: 0.1674652
Step: 400 cost time: 18.59s
Step: 400 | Avg Meta Loss: 0.1674652
Updating learning rate from 0.025 to 0.0125
	task: 1, total task: 1 | meta loss: 0.2205875
Step: 500 cost time: 18.76s
Step: 500 | Avg Meta Loss: 0.2205875
Updating learning rate from 0.0125 to 0.00625
Statistics of learned covariance matrix: [92m(mean: 0.0644, std: 0.0916, min: -0.0254, max: 1.4064)[0m

>>>>>>>Meta Training Phase completed


>>>>>>>Meta Test Phase

Initial learning rates: 0.0002
	Meta Test - iters: 100, epoch: 1 | loss: 0.0811655, mse loss: 0.3292466
	speed: 0.0077s/iter; cost time: 0.7714s; left time: 245.2358s
	Meta Test - iters: 200, epoch: 1 | loss: 0.0846641, mse loss: 0.2737811
	speed: 0.0075s/iter; cost time: 0.7466s; left time: 236.6198s
	Meta Test - iters: 300, epoch: 1 | loss: 0.0928958, mse loss: 0.4348164
	speed: 0.0093s/iter; cost time: 0.9282s; left time: 293.2278s
	Meta Test - iters: 400, epoch: 1 | loss: 0.0972105, mse loss: 0.4197945
	speed: 0.0096s/iter; cost time: 0.9639s; left time: 303.5387s
	Meta Test - iters: 500, epoch: 1 | loss: 0.0534957, mse loss: 0.1422014
	speed: 0.0096s/iter; cost time: 0.9623s; left time: 302.0734s
	Meta Test - iters: 600, epoch: 1 | loss: 0.0592926, mse loss: 0.1987428
	speed: 0.0096s/iter; cost time: 0.9624s; left time: 301.1446s
	Meta Test - iters: 700, epoch: 1 | loss: 0.1012895, mse loss: 0.5745098
	speed: 0.0095s/iter; cost time: 0.9481s; left time: 295.7275s
	Meta Test - iters: 800, epoch: 1 | loss: 0.0881794, mse loss: 0.3861594
	speed: 0.0075s/iter; cost time: 0.7472s; left time: 232.3121s
	Meta Test - iters: 900, epoch: 1 | loss: 0.0670280, mse loss: 0.2396263
	speed: 0.0075s/iter; cost time: 0.7455s; left time: 231.0441s
	Meta Test - iters: 1000, epoch: 1 | loss: 0.1021798, mse loss: 0.5310079
	speed: 0.0075s/iter; cost time: 0.7506s; left time: 231.8537s
Epoch: 1 cost time: 9.00202465057373
Validation cost time: 1.220395565032959
Epoch: 1 | Train Loss Cov: 0.0813634, MSE: 0.3125821 | Valid Loss Cov: 0.0514164, MSE: 0.1571490
Validation loss decreased [92m(inf --> 0.157149)[0m. Saving model ...
Updating learning rate from 0.0002 to 0.0001
	Meta Test - iters: 100, epoch: 2 | loss: 0.0630920, mse loss: 0.1876733
	speed: 0.0247s/iter; cost time: 2.4705s; left time: 759.1467s
	Meta Test - iters: 200, epoch: 2 | loss: 0.0692775, mse loss: 0.2934021
	speed: 0.0076s/iter; cost time: 0.7586s; left time: 232.3568s
	Meta Test - iters: 300, epoch: 2 | loss: 0.1172052, mse loss: 0.4239762
	speed: 0.0074s/iter; cost time: 0.7399s; left time: 225.8819s
	Meta Test - iters: 400, epoch: 2 | loss: 0.0642396, mse loss: 0.1956782
	speed: 0.0074s/iter; cost time: 0.7384s; left time: 224.6835s
	Meta Test - iters: 500, epoch: 2 | loss: 0.0589210, mse loss: 0.1797222
	speed: 0.0075s/iter; cost time: 0.7512s; left time: 227.8299s
	Meta Test - iters: 600, epoch: 2 | loss: 0.0620477, mse loss: 0.2426712
	speed: 0.0093s/iter; cost time: 0.9284s; left time: 280.6437s
	Meta Test - iters: 700, epoch: 2 | loss: 0.0722567, mse loss: 0.2762316
	speed: 0.0097s/iter; cost time: 0.9677s; left time: 291.5480s
	Meta Test - iters: 800, epoch: 2 | loss: 0.0721617, mse loss: 0.2631193
	speed: 0.0098s/iter; cost time: 0.9780s; left time: 293.6659s
	Meta Test - iters: 900, epoch: 2 | loss: 0.0576935, mse loss: 0.1982409
	speed: 0.0097s/iter; cost time: 0.9691s; left time: 290.0200s
	Meta Test - iters: 1000, epoch: 2 | loss: 0.0661147, mse loss: 0.2290916
	speed: 0.0098s/iter; cost time: 0.9764s; left time: 291.2428s
Epoch: 2 cost time: 9.183895111083984
Validation cost time: 1.547757863998413
Epoch: 2 | Train Loss Cov: 0.0710952, MSE: 0.2600151 | Valid Loss Cov: 0.0512183, MSE: 0.1601134
EarlyStopping counter: [91m1 out of 5[0m
Updating learning rate from 0.0001 to 5e-05
	Meta Test - iters: 100, epoch: 3 | loss: 0.0715809, mse loss: 0.2722265
	speed: 0.0313s/iter; cost time: 3.1320s; left time: 929.1002s
	Meta Test - iters: 200, epoch: 3 | loss: 0.0569920, mse loss: 0.1889103
	speed: 0.0097s/iter; cost time: 0.9712s; left time: 287.1275s
	Meta Test - iters: 300, epoch: 3 | loss: 0.0502374, mse loss: 0.1622160
	speed: 0.0080s/iter; cost time: 0.7966s; left time: 234.7276s
	Meta Test - iters: 400, epoch: 3 | loss: 0.0704116, mse loss: 0.2430632
	speed: 0.0075s/iter; cost time: 0.7516s; left time: 220.7178s
	Meta Test - iters: 500, epoch: 3 | loss: 0.0737028, mse loss: 0.2550209
	speed: 0.0075s/iter; cost time: 0.7514s; left time: 219.8877s
	Meta Test - iters: 600, epoch: 3 | loss: 0.0616656, mse loss: 0.1826722
	speed: 0.0075s/iter; cost time: 0.7535s; left time: 219.7711s
	Meta Test - iters: 700, epoch: 3 | loss: 0.0593840, mse loss: 0.2283061
	speed: 0.0075s/iter; cost time: 0.7521s; left time: 218.6111s
	Meta Test - iters: 800, epoch: 3 | loss: 0.0570617, mse loss: 0.2012129
	speed: 0.0076s/iter; cost time: 0.7580s; left time: 219.5428s
	Meta Test - iters: 900, epoch: 3 | loss: 0.0716686, mse loss: 0.2801149
	speed: 0.0075s/iter; cost time: 0.7515s; left time: 216.9251s
	Meta Test - iters: 1000, epoch: 3 | loss: 0.0757755, mse loss: 0.2748091
	speed: 0.0076s/iter; cost time: 0.7565s; left time: 217.6106s
Epoch: 3 cost time: 8.489723682403564
Validation cost time: 1.192812204360962
Epoch: 3 | Train Loss Cov: 0.0681169, MSE: 0.2426575 | Valid Loss Cov: 0.0508446, MSE: 0.1572209
EarlyStopping counter: [91m2 out of 5[0m
Updating learning rate from 5e-05 to 2.5e-05
	Meta Test - iters: 100, epoch: 4 | loss: 0.0550502, mse loss: 0.1774507
	speed: 0.0242s/iter; cost time: 2.4208s; left time: 692.3909s
	Meta Test - iters: 200, epoch: 4 | loss: 0.0574282, mse loss: 0.1812630
	speed: 0.0074s/iter; cost time: 0.7402s; left time: 210.9620s
	Meta Test - iters: 300, epoch: 4 | loss: 0.0589171, mse loss: 0.2136888
	speed: 0.0075s/iter; cost time: 0.7474s; left time: 212.2875s
	Meta Test - iters: 400, epoch: 4 | loss: 0.0705307, mse loss: 0.3140418
	speed: 0.0074s/iter; cost time: 0.7436s; left time: 210.4584s
	Meta Test - iters: 500, epoch: 4 | loss: 0.0866545, mse loss: 0.2853196
	speed: 0.0075s/iter; cost time: 0.7461s; left time: 210.4105s
	Meta Test - iters: 600, epoch: 4 | loss: 0.0626492, mse loss: 0.1839318
	speed: 0.0076s/iter; cost time: 0.7556s; left time: 212.3381s
	Meta Test - iters: 700, epoch: 4 | loss: 0.0537784, mse loss: 0.1629167
	speed: 0.0074s/iter; cost time: 0.7402s; left time: 207.2715s
	Meta Test - iters: 800, epoch: 4 | loss: 0.0806843, mse loss: 0.3417298
	speed: 0.0074s/iter; cost time: 0.7439s; left time: 207.5639s
	Meta Test - iters: 900, epoch: 4 | loss: 0.0555953, mse loss: 0.1751233
	speed: 0.0075s/iter; cost time: 0.7452s; left time: 207.1701s
	Meta Test - iters: 1000, epoch: 4 | loss: 0.1136014, mse loss: 0.4697416
	speed: 0.0075s/iter; cost time: 0.7487s; left time: 207.3996s
Epoch: 4 cost time: 7.927456617355347
Validation cost time: 1.192410945892334
Epoch: 4 | Train Loss Cov: 0.0668599, MSE: 0.2352834 | Valid Loss Cov: 0.0508073, MSE: 0.1571494
EarlyStopping counter: [91m3 out of 5[0m
Updating learning rate from 2.5e-05 to 1.25e-05
	Meta Test - iters: 100, epoch: 5 | loss: 0.0617106, mse loss: 0.2266212
	speed: 0.0241s/iter; cost time: 2.4128s; left time: 664.4497s
	Meta Test - iters: 200, epoch: 5 | loss: 0.0568188, mse loss: 0.1589500
	speed: 0.0075s/iter; cost time: 0.7478s; left time: 205.1955s
	Meta Test - iters: 300, epoch: 5 | loss: 0.0509267, mse loss: 0.1333099
	speed: 0.0075s/iter; cost time: 0.7517s; left time: 205.5132s
	Meta Test - iters: 400, epoch: 5 | loss: 0.0762607, mse loss: 0.2568682
	speed: 0.0075s/iter; cost time: 0.7507s; left time: 204.4893s
	Meta Test - iters: 500, epoch: 5 | loss: 0.0613266, mse loss: 0.2051450
	speed: 0.0087s/iter; cost time: 0.8712s; left time: 236.4277s
	Meta Test - iters: 600, epoch: 5 | loss: 0.0545713, mse loss: 0.1745314
	speed: 0.0098s/iter; cost time: 0.9845s; left time: 266.2009s
	Meta Test - iters: 700, epoch: 5 | loss: 0.0722752, mse loss: 0.2161824
	speed: 0.0099s/iter; cost time: 0.9941s; left time: 267.8117s
	Meta Test - iters: 800, epoch: 5 | loss: 0.0709500, mse loss: 0.2516411
	speed: 0.0097s/iter; cost time: 0.9736s; left time: 261.3067s
	Meta Test - iters: 900, epoch: 5 | loss: 0.0882431, mse loss: 0.3490738
	speed: 0.0097s/iter; cost time: 0.9661s; left time: 258.3180s
	Meta Test - iters: 1000, epoch: 5 | loss: 0.0722284, mse loss: 0.2810028
	speed: 0.0097s/iter; cost time: 0.9670s; left time: 257.6017s
Epoch: 5 cost time: 9.370023727416992
Validation cost time: 1.544095516204834
Epoch: 5 | Train Loss Cov: 0.0662289, MSE: 0.2318207 | Valid Loss Cov: 0.0509154, MSE: 0.1585736
EarlyStopping counter: [91m4 out of 5[0m
Updating learning rate from 1.25e-05 to 6.25e-06
	Meta Test - iters: 100, epoch: 6 | loss: 0.0577415, mse loss: 0.1741100
	speed: 0.0313s/iter; cost time: 3.1295s; left time: 828.5535s
	Meta Test - iters: 200, epoch: 6 | loss: 0.0747864, mse loss: 0.2735570
	speed: 0.0092s/iter; cost time: 0.9183s; left time: 242.2146s
	Meta Test - iters: 300, epoch: 6 | loss: 0.0620291, mse loss: 0.2002300
	speed: 0.0074s/iter; cost time: 0.7391s; left time: 194.2127s
	Meta Test - iters: 400, epoch: 6 | loss: 0.0765034, mse loss: 0.3043703
	speed: 0.0075s/iter; cost time: 0.7470s; left time: 195.5350s
	Meta Test - iters: 500, epoch: 6 | loss: 0.0679321, mse loss: 0.2814447
	speed: 0.0075s/iter; cost time: 0.7510s; left time: 195.8251s
	Meta Test - iters: 600, epoch: 6 | loss: 0.0673541, mse loss: 0.2497751
	speed: 0.0075s/iter; cost time: 0.7524s; left time: 195.4311s
	Meta Test - iters: 700, epoch: 6 | loss: 0.0613291, mse loss: 0.2196233
	speed: 0.0075s/iter; cost time: 0.7514s; left time: 194.4300s
	Meta Test - iters: 800, epoch: 6 | loss: 0.0501206, mse loss: 0.1485616
	speed: 0.0075s/iter; cost time: 0.7550s; left time: 194.6079s
	Meta Test - iters: 900, epoch: 6 | loss: 0.0630175, mse loss: 0.2160757
	speed: 0.0075s/iter; cost time: 0.7541s; left time: 193.6290s
	Meta Test - iters: 1000, epoch: 6 | loss: 0.0532316, mse loss: 0.1630177
	speed: 0.0076s/iter; cost time: 0.7560s; left time: 193.3457s
Epoch: 6 cost time: 8.366419076919556
Validation cost time: 1.1879801750183105
Epoch: 6 | Train Loss Cov: 0.0659870, MSE: 0.2303492 | Valid Loss Cov: 0.0508662, MSE: 0.1582159
EarlyStopping counter: [91m5 out of 5[0m
Meta Test Early stopping

>>>>>>>Meta Test Phase completed

>>>>>>>testing : long_term_forecast_meta_ml3_ETTm2_336_192_TQNet_ETTm2_ftM_sl336_ll48_pl192_dm512_nh8_el2_dl1_df2048_fc3_ebtimeF_dtTrue_ax0.0_rl1.0_axlMSE_mf1_TQNet_0<<<<<<<<<<<<<<<<<<<<<<<<<<<<<<<<<
test 11329
test shape: torch.Size([11329, 192, 7]) torch.Size([11329, 192, 7])
test shape: torch.Size([11329, 192, 7]) torch.Size([11329, 192, 7])
192	| mse:0.21754667162895203, mae:0.290833443403244, cov:0.0648173987865448
save configs
