Args in experiment:
[1mBasic Config[0m
  Task Name:          long_term_forecast_meta_ml3Is Training:        1                   
  Model ID:           ECL_336_720         Model:              TQNet               

[1mData Loader[0m
  Data:               custom              Root Path:          /home/yingch/dataset/electricity/
  Data Path:          electricity.csv     Features:           M                   
  Target:             OT                  Freq:               h                   

[1mSave[0m
  Checkpoints:        /home/yingch/exp_outputs/r-2026-fatst/qdf_main_i_seq336_20260806/_resource_smoke/QDF__ECL__H720__seed2023/checkpoints/
  Results:            /home/yingch/exp_outputs/r-2026-fatst/qdf_main_i_seq336_20260806/_resource_smoke/QDF__ECL__H720__seed2023/results/
  Test Results:       /home/yingch/exp_outputs/r-2026-fatst/qdf_main_i_seq336_20260806/_resource_smoke/QDF__ECL__H720__seed2023/test_results/
  Log Path:           /home/yingch/exp_outputs/r-2026-fatst/qdf_main_i_seq336_20260806/_resource_smoke/QDF__ECL__H720__seed2023/result_long_term_forecast.txt
  Output Predictions and GroundTruth:0                   
  Output Visualizations:0                   

[1mModel Parameters[0m
  Top k:              5                   Num Kernels:        6                   
  Enc In:             321                 Dec In:             321                 
  C Out:              321                 d model:            512                 
  n heads:            8                   e layers:           2                   
  d layers:           1                   d FF:               2048                
  Moving Avg:         25                  Factor:             3                   
  Distil:             1                   Dropout:            0.0                 
  Embed:              timeF               Activation:         gelu                
  Output Attention:   0                   

[1mRun Parameters[0m
  Threads:            1                   
  Num Workers:        0                   Itr:                1                   
  Train Epochs:       1                   Batch Size:         16                  
  Patience:           1                   Learning Rate:      0.01                
  Des:                TQNet               Loss:               MSE                 
  Lradj:              type1               Use Amp:            0                   

[1mFreDF Setting[0m
  Alpha:              0.0                 1 - Alpha:          1.0                 
  Auxi Loss:          MSE                 Auxi Mode:          fft                 
  Auxi Type:          complex             Module First:       1                   
  Degree of Polynominal:2                   

[1mGPU[0m
  Use GPU:            1                   GPU:                0                   
  Use Multi GPU:      0                   Devices:            0,1,2,3             

[1mDe-stationary Projector Params[0m
  P Hidden Dims:      128, 128            P Hidden Layers:    2                   

Use GPU: cuda:0
>>>>>>>start training : long_term_forecast_meta_ml3_ECL_336_720_TQNet_custom_ftM_sl336_ll48_pl720_dm512_nh8_el2_dl1_df2048_fc3_ebtimeF_dtTrue_ax0.0_rl1.0_axlMSE_mf1_TQNet_0>>>>>>>>>>>>>>>>>>>>>>>>>>
Head lines of raw dataframe:
                  date     0     1      2  ...   317     318    319      OT
0  2016-07-01 02:00:00  14.0  69.0  234.0  ...  38.0  1558.0  182.0  2162.0
1  2016-07-01 03:00:00  18.0  92.0  312.0  ...  47.0  2177.0  253.0  2835.0
2  2016-07-01 04:00:00  21.0  96.0  312.0  ...  43.0  2193.0  218.0  2764.0
3  2016-07-01 05:00:00  20.0  92.0  312.0  ...  39.0  1315.0  195.0  2735.0
4  2016-07-01 06:00:00  22.0  91.0  312.0  ...  40.0  1378.0  191.0  2721.0

[5 rows x 322 columns]
train 17357
val 1913

>>>>>>>Meta Training Phase

Initial learning rates: 0.05
Statistics of learned covariance matrix: [92m(mean: 0.0014, std: 0.0373, min: -0.0002, max: 1.0006)[0m

>>>>>>>Meta Training Phase completed


>>>>>>>Meta Test Phase

Initial learning rates: 0.01
Epoch: 1 cost time: 0.1835038661956787
Validation cost time: 0.08171391487121582
Epoch: 1 | Train Loss Cov: 1.2096775, MSE: 1.2276255 | Valid Loss Cov: 96.5189819, MSE: 99.0581360
Validation loss decreased [92m(inf --> 99.058136)[0m. Saving model ...
Updating learning rate from 0.01 to 0.005

>>>>>>>Meta Test Phase completed

>>>>>>>final evaluation skipped by adapter<<<<<<<<<<<<<<<<<<<<<<<<
