Args in experiment:
[1mBasic Config[0m
  Task Name:          long_term_forecast_meta_ml3Is Training:        1                   
  Model ID:           Exchange_336_720    Model:              TQNet               

[1mData Loader[0m
  Data:               custom              Root Path:          /home/yingch/dataset/exchange_rate/
  Data Path:          exchange_rate.csv   Features:           M                   
  Target:             OT                  Freq:               h                   

[1mSave[0m
  Checkpoints:        /home/yingch/exp_outputs/r-2026-fatst/qdf_main_i_seq336_20260806/_resource_smoke/QDF__Exchange__H720__seed2023/checkpoints/
  Results:            /home/yingch/exp_outputs/r-2026-fatst/qdf_main_i_seq336_20260806/_resource_smoke/QDF__Exchange__H720__seed2023/results/
  Test Results:       /home/yingch/exp_outputs/r-2026-fatst/qdf_main_i_seq336_20260806/_resource_smoke/QDF__Exchange__H720__seed2023/test_results/
  Log Path:           /home/yingch/exp_outputs/r-2026-fatst/qdf_main_i_seq336_20260806/_resource_smoke/QDF__Exchange__H720__seed2023/result_long_term_forecast.txt
  Output Predictions and GroundTruth:0                   
  Output Visualizations:0                   

[1mModel Parameters[0m
  Top k:              5                   Num Kernels:        6                   
  Enc In:             8                   Dec In:             8                   
  C Out:              8                   d model:            512                 
  n heads:            8                   e layers:           2                   
  d layers:           1                   d FF:               2048                
  Moving Avg:         25                  Factor:             3                   
  Distil:             1                   Dropout:            0.5                 
  Embed:              timeF               Activation:         gelu                
  Output Attention:   0                   

[1mRun Parameters[0m
  Threads:            1                   
  Num Workers:        0                   Itr:                1                   
  Train Epochs:       1                   Batch Size:         32                  
  Patience:           1                   Learning Rate:      0.005               
  Des:                TQNet               Loss:               MSE                 
  Lradj:              type1               Use Amp:            0                   

[1mFreDF Setting[0m
  Alpha:              0.0                 1 - Alpha:          1.0                 
  Auxi Loss:          MSE                 Auxi Mode:          fft                 
  Auxi Type:          complex             Module First:       1                   
  Degree of Polynominal:2                   

[1mGPU[0m
  Use GPU:            1                   GPU:                0                   
  Use Multi GPU:      0                   Devices:            0,1,2,3             

[1mDe-stationary Projector Params[0m
  P Hidden Dims:      128, 128            P Hidden Layers:    2                   

Use GPU: cuda:0
>>>>>>>start training : long_term_forecast_meta_ml3_Exchange_336_720_TQNet_custom_ftM_sl336_ll48_pl720_dm512_nh8_el2_dl1_df2048_fc3_ebtimeF_dtTrue_ax0.0_rl1.0_axlMSE_mf1_TQNet_0>>>>>>>>>>>>>>>>>>>>>>>>>>
Head lines of raw dataframe:
            date       0       1  ...         5         6      OT
0  1990/1/1 0:00  0.7855  1.6110  ...  0.006838  0.525486  0.5930
1  1990/1/2 0:00  0.7818  1.6100  ...  0.006863  0.523972  0.5940
2  1990/1/3 0:00  0.7867  1.6293  ...  0.006975  0.526316  0.5973
3  1990/1/4 0:00  0.7860  1.6370  ...  0.006953  0.523834  0.5970
4  1990/1/5 0:00  0.7849  1.6530  ...  0.006940  0.527426  0.5985

[5 rows x 9 columns]
train 4255
val 41

>>>>>>>Meta Training Phase

Initial learning rates: 0.01
Statistics of learned covariance matrix: [92m(mean: 0.0014, std: 0.0372, min: 0.0000, max: 1.0001)[0m

>>>>>>>Meta Training Phase completed


>>>>>>>Meta Test Phase

Initial learning rates: 0.005
Epoch: 1 cost time: 0.07940864562988281
Validation cost time: 0.004968881607055664
Epoch: 1 | Train Loss Cov: 1.0034938, MSE: 1.0141461 | Valid Loss Cov: 2.5621648, MSE: 2.5942800
Validation loss decreased [92m(inf --> 2.594280)[0m. Saving model ...
Updating learning rate from 0.005 to 0.0025

>>>>>>>Meta Test Phase completed

>>>>>>>final evaluation skipped by adapter<<<<<<<<<<<<<<<<<<<<<<<<
