run_start=2026-08-06T19:31:57+08:00 dataset=Solar horizon=720 gpu=1 mode=run
run_start=2026-08-06T19:31:57+08:00 dataset=ECL horizon=720 gpu=0 mode=run
run_start=2026-08-06T19:31:57+08:00 dataset=Weather horizon=720 gpu=2 mode=run
run_done=2026-08-06T19:44:20+08:00 dataset=Weather horizon=720 gpu=2 mode=run
run_start=2026-08-06T19:44:20+08:00 dataset=Weather horizon=336 gpu=2 mode=run
run_done=2026-08-06T19:47:58+08:00 dataset=Solar horizon=720 gpu=1 mode=run
run_start=2026-08-06T19:47:58+08:00 dataset=Solar horizon=336 gpu=1 mode=run
run_done=2026-08-06T19:53:28+08:00 dataset=ECL horizon=720 gpu=0 mode=run
run_start=2026-08-06T19:53:28+08:00 dataset=ECL horizon=336 gpu=0 mode=run
run_done=2026-08-06T19:54:56+08:00 dataset=Weather horizon=336 gpu=2 mode=run
run_start=2026-08-06T19:54:56+08:00 dataset=Weather horizon=192 gpu=2 mode=run
run_done=2026-08-06T19:57:02+08:00 dataset=Solar horizon=336 gpu=1 mode=run
run_start=2026-08-06T19:57:02+08:00 dataset=Solar horizon=192 gpu=1 mode=run
run_done=2026-08-06T20:01:55+08:00 dataset=Weather horizon=192 gpu=2 mode=run
run_start=2026-08-06T20:01:55+08:00 dataset=Weather horizon=96 gpu=2 mode=run
run_done=2026-08-06T20:04:10+08:00 dataset=Solar horizon=192 gpu=1 mode=run
run_start=2026-08-06T20:04:10+08:00 dataset=Solar horizon=96 gpu=1 mode=run
run_done=2026-08-06T20:07:35+08:00 dataset=ECL horizon=336 gpu=0 mode=run
run_start=2026-08-06T20:07:35+08:00 dataset=ECL horizon=192 gpu=0 mode=run
run_done=2026-08-06T20:08:45+08:00 dataset=Weather horizon=96 gpu=2 mode=run
run_start=2026-08-06T20:08:45+08:00 dataset=ETTm1 horizon=720 gpu=2 mode=run
run_done=2026-08-06T20:11:48+08:00 dataset=Solar horizon=96 gpu=1 mode=run
run_start=2026-08-06T20:11:48+08:00 dataset=Exchange horizon=720 gpu=1 mode=run
run_done=2026-08-06T20:13:58+08:00 dataset=Exchange horizon=720 gpu=1 mode=run
run_start=2026-08-06T20:13:58+08:00 dataset=Exchange horizon=336 gpu=1 mode=run
run_done=2026-08-06T20:14:07+08:00 dataset=ETTm1 horizon=720 gpu=2 mode=run
run_start=2026-08-06T20:14:07+08:00 dataset=ETTm1 horizon=336 gpu=2 mode=run
run_done=2026-08-06T20:16:04+08:00 dataset=Exchange horizon=336 gpu=1 mode=run
run_start=2026-08-06T20:16:04+08:00 dataset=Exchange horizon=192 gpu=1 mode=run
run_done=2026-08-06T20:16:50+08:00 dataset=ECL horizon=192 gpu=0 mode=run
run_start=2026-08-06T20:16:50+08:00 dataset=ECL horizon=96 gpu=0 mode=run
run_done=2026-08-06T20:17:25+08:00 dataset=Exchange horizon=192 gpu=1 mode=run
run_start=2026-08-06T20:17:25+08:00 dataset=Exchange horizon=96 gpu=1 mode=run
run_done=2026-08-06T20:18:21+08:00 dataset=ETTm1 horizon=336 gpu=2 mode=run
run_start=2026-08-06T20:18:21+08:00 dataset=ETTm1 horizon=192 gpu=2 mode=run
run_done=2026-08-06T20:19:13+08:00 dataset=Exchange horizon=96 gpu=1 mode=run
run_start=2026-08-06T20:19:13+08:00 dataset=ETTh2 horizon=720 gpu=1 mode=run
run_done=2026-08-06T20:21:42+08:00 dataset=ETTh2 horizon=720 gpu=1 mode=run
run_start=2026-08-06T20:21:42+08:00 dataset=ETTh2 horizon=336 gpu=1 mode=run
run_done=2026-08-06T20:21:51+08:00 dataset=ETTm1 horizon=192 gpu=2 mode=run
run_start=2026-08-06T20:21:51+08:00 dataset=ETTm1 horizon=96 gpu=2 mode=run
run_done=2026-08-06T20:23:49+08:00 dataset=ETTh2 horizon=336 gpu=1 mode=run
run_start=2026-08-06T20:23:49+08:00 dataset=ETTh2 horizon=192 gpu=1 mode=run
run_done=2026-08-06T20:25:29+08:00 dataset=ETTh2 horizon=192 gpu=1 mode=run
run_start=2026-08-06T20:25:29+08:00 dataset=ETTh2 horizon=96 gpu=1 mode=run
run_done=2026-08-06T20:25:38+08:00 dataset=ETTm1 horizon=96 gpu=2 mode=run
run_start=2026-08-06T20:25:38+08:00 dataset=ETTm2 horizon=720 gpu=2 mode=run
run_done=2026-08-06T20:26:21+08:00 dataset=ECL horizon=96 gpu=0 mode=run
run_start=2026-08-06T20:26:21+08:00 dataset=ETTh1 horizon=720 gpu=0 mode=run
run_done=2026-08-06T20:27:03+08:00 dataset=ETTh2 horizon=96 gpu=1 mode=run
run_done=2026-08-06T20:28:23+08:00 dataset=ETTh1 horizon=720 gpu=0 mode=run
run_start=2026-08-06T20:28:23+08:00 dataset=ETTh1 horizon=336 gpu=0 mode=run
run_done=2026-08-06T20:30:29+08:00 dataset=ETTh1 horizon=336 gpu=0 mode=run
run_start=2026-08-06T20:30:29+08:00 dataset=ETTh1 horizon=192 gpu=0 mode=run
run_done=2026-08-06T20:31:33+08:00 dataset=ETTm2 horizon=720 gpu=2 mode=run
run_start=2026-08-06T20:31:33+08:00 dataset=ETTm2 horizon=336 gpu=2 mode=run
run_done=2026-08-06T20:32:09+08:00 dataset=ETTh1 horizon=192 gpu=0 mode=run
run_start=2026-08-06T20:32:09+08:00 dataset=ETTh1 horizon=96 gpu=0 mode=run
run_done=2026-08-06T20:34:21+08:00 dataset=ETTh1 horizon=96 gpu=0 mode=run
run_done=2026-08-06T20:36:05+08:00 dataset=ETTm2 horizon=336 gpu=2 mode=run
run_start=2026-08-06T20:36:05+08:00 dataset=ETTm2 horizon=192 gpu=2 mode=run
run_done=2026-08-06T20:39:18+08:00 dataset=ETTm2 horizon=192 gpu=2 mode=run
run_start=2026-08-06T20:39:18+08:00 dataset=ETTm2 horizon=96 gpu=2 mode=run
run_done=2026-08-06T20:42:52+08:00 dataset=ETTm2 horizon=96 gpu=2 mode=run
qdf_main_i_l336_run_done=2026-08-06T20:42:52+08:00 seed=2023
